// Jest Snapshot v1, https://goo.gl/fbAQLP

exports[`should render ExpensesSummary with one expense 1`] = `
<div
  className="page-header"
>
  <div
    className="content-container"
  >
    <h1
      className="page-header__title"
    >
      Viewing 
      <span />
       
      expenses
       totalling
       
      <span>
         
        $0.94
      </span>
    </h1>
    <div
      className="page-header__actions"
    >
      <Link
        className="button"
        to="/create"
      >
        Add Expense
      </Link>
    </div>
  </div>
</div>
`;

exports[`should render ExpensesSummary with two expense 1`] = `
<div
  className="page-header"
>
  <div
    className="content-container"
  >
    <h1
      className="page-header__title"
    >
      Viewing 
      <span />
       
      expenses
       totalling
       
      <span>
         
        $0.94
      </span>
    </h1>
    <div
      className="page-header__actions"
    >
      <Link
        className="button"
        to="/create"
      >
        Add Expense
      </Link>
    </div>
  </div>
</div>
`;
